                 address                  
------------------------------------------
 16/34 Burragulung Street, Kingsford 2032
(1 row)
