                address                
---------------------------------------
 76 Spring Street, Bondi Junction 2022
(1 row)
