             address              
----------------------------------
 37 Hiles Street, Alexandria 2015
(1 row)
