          address           
----------------------------
 56 Cox Street, Coogee 2034
 7 Carr Street, Coogee 2034
 94 Cox Street, Coogee 2034
 31 Bay Street, Coogee 2034
 71 Bay Street, Coogee 2034
 2 Dans Avenue, Coogee 2034
 69 Bay Street, Coogee 2034
(7 rows)
