    date    |  price  |   type    
------------+---------+-----------
 2021-11-09 | 1816000 | Townhouse
 2021-11-09 | 1859000 | Townhouse
 2021-11-09 | 2154000 | House
 2021-11-09 | 2230000 | House
 2021-11-09 | 2665000 | House
 2021-11-09 | 2833000 | House
 2021-11-09 | 2836000 | House
(7 rows)
