#46423: 18/9 Smith Street, Kingsford 2032, 2br, 1ba, 1car, $786000
#45859: 20/75 North Benvenue Street, Kingsford 2032, 2br, 1ba, 0car, $895000
#46570: 17/19 Woodley Street, Alexandria 2015, 2br, 1ba, 0car, $957000
#46829: 12/51 McCauley Street, Alexandria 2015, 2br, 1ba, 0car, $968000
#46639: 14/34 Meeks Street, Kingsford 2032, 2br, 1ba, 0car, $1000000
