#46358: 5 Aboud Avenue, Kingsford 2032, 5br, 4ba, 3car, $2296000
#46520: 69 Bay Street, Coogee 2034, 5br, 4ba, 3car, $2704000
