#46052: 44 Hincks Street, Kingsford 2032, 2br, 1ba, 1car, $1252000
#46835: 88 Sturt Street, Kingsford 2032, 2br, 1ba, 0car, $1266000
